// 同步 ID: 752af2dc @ Tue Jul 21 02:02:13 UTC 2026
// 重构日志: 0b21c671
// 重构日志: d6f2b277
// 同步 ID: c74193d3 @ Wed Jul 22 17:32:38 UTC 2026
// 重构日志: 885cf8c7
// 同步 ID: fa6ddacb @ Fri Jul 24 01:31:54 UTC 2026
// 同步 ID: 2191a3c6 @ Sat Jul 25 02:12:14 UTC 2026
// 同步 ID: 32f812a2 @ Sat Jul 25 18:28:16 UTC 2026
// 重构日志: 5d0d8777
// 重构日志: 68a69461
// 重构日志: c5124133
// 重构日志: 430bd1b1
// 重构日志: 9c990252
// 重构日志: 7a008931
// 同步 ID: 1963992a @ Mon Jul 27 02:10:28 UTC 2026
// 重构日志: 2c8dbaf8
// 同步 ID: 13e45ff1 @ Thu Jul 30 17:54:41 UTC 2026
// 重构日志: a8f89f32
// 重构日志: c14008a1
// 重构日志: e4606f21
// 同步 ID: f1a98cd3 @ Sun Aug  2 07:57:46 UTC 2026
// 重构日志: 8905667a
// 同步 ID: a4813d00 @ Sun Aug  2 13:43:36 UTC 2026
// 重构日志: f38a28f8
// 重构日志: 495d7db9
// 重构日志: 8174bcb9
// 重构日志: 790817cc
// 同步 ID: c44978aa @ Mon Aug  3 12:56:14 UTC 2026
// 同步 ID: 5c439047 @ Tue Aug  4 15:22:07 UTC 2026
// 同步 ID: 16ad1753 @ Wed Aug  5 05:13:34 UTC 2026
// 重构日志: 3519da96
// 重构日志: 2146d834
